<?xml version="1.0" encoding="UTF-8"?>
<TestRun id="8d71cdb9-59de-4a76-b1a8-83e03c0af9ab" name="ignacio@ARWEN 2012-05-02 16:32:44" runUser="arwen\ignacio" xmlns="http://microsoft.com/schemas/VisualStudio/TeamTest/2010">
  <TestSettings name="Local" id="43b39243-63e3-48f4-af16-2473fcec4e2d">
    <Description>These are default test settings for a local test run.</Description>
    <Deployment enabled="false" runDeploymentRoot="ignacio_ARWEN 2012-05-02 16_32_44">
      <DeploymentItem filename="C:\Users\ignacio\documents\visual studio 2010\Projects\PlaylistFM\PlaylistFM\bin\Release\PlaylistFM.exe" />
      <DeploymentItem filename="C:\Users\ignacio\documents\visual studio 2010\Projects\PlaylistFM\packages\MahApps.Metro.0.7.9.59-ALPHA\lib\net40\System.Windows.Interactivity.dll" />
      <DeploymentItem filename="C:\Users\ignacio\documents\visual studio 2010\Projects\PlaylistFM\packages\MahApps.Metro.0.7.9.59-ALPHA\lib\net40\MahApps.Metro.dll" />
      <DeploymentItem filename="C:\Users\ignacio\documents\visual studio 2010\Projects\PlaylistFM\PlaylistFM\Resources\taglib-sharp.dll" />
    </Deployment>
    <Execution>
      <TestTypeSpecific />
      <AgentRule name="Execution Agents">
      </AgentRule>
    </Execution>
  </TestSettings>
  <Times creation="2012-05-02T16:32:44.1827000-03:00" queuing="2012-05-02T16:32:44.1937000-03:00" start="2012-05-02T16:32:44.2547000-03:00" finish="2012-05-02T16:32:49.5347000-03:00" />
  <ResultSummary outcome="Failed">
    <Counters total="4" executed="4" passed="3" error="0" failed="1" timeout="0" aborted="0" inconclusive="0" passedButRunAborted="0" notRunnable="0" notExecuted="0" disconnected="0" warning="0" completed="0" inProgress="0" pending="0" />
  </ResultSummary>
  <TestDefinitions>
    <UnitTest name="sanitizeSongNameTest" storage="c:\users\ignacio\documents\visual studio 2010\projects\playlistfm\playlistfm.tests\bin\release\playlistfm.tests.dll" id="b5a14d93-862c-4a8c-7bb8-8ef637f0d49f">
      <Execution id="e6bc5bf2-36e0-4ca1-9baa-aadb8dbacafa" />
      <TestMethod codeBase="C:/Users/ignacio/documents/visual studio 2010/Projects/PlaylistFM/PlaylistFM.Tests/bin/Release/PlaylistFM.Tests.DLL" adapterTypeName="Microsoft.VisualStudio.TestTools.TestTypes.Unit.UnitTestAdapter, Microsoft.VisualStudio.QualityTools.Tips.UnitTest.Adapter, Version=10.0.0.0, Culture=neutral, PublicKeyToken=b03f5f7f11d50a3a" className="PlaylistFM.Tests.LastFMConnectorTest, PlaylistFM.Tests, Version=1.0.0.0, Culture=neutral, PublicKeyToken=null" name="sanitizeSongNameTest" />
    </UnitTest>
    <UnitTest name="isValidArtistLoWuachiturro" storage="c:\users\ignacio\documents\visual studio 2010\projects\playlistfm\playlistfm.tests\bin\release\playlistfm.tests.dll" id="ef5c505d-c1b4-9414-81a7-edf85466e4e7">
      <Execution id="69d70f02-bdcb-45f5-86f5-082d6c6c07eb" />
      <TestMethod codeBase="C:/Users/ignacio/documents/visual studio 2010/Projects/PlaylistFM/PlaylistFM.Tests/bin/Release/PlaylistFM.Tests.DLL" adapterTypeName="Microsoft.VisualStudio.TestTools.TestTypes.Unit.UnitTestAdapter, Microsoft.VisualStudio.QualityTools.Tips.UnitTest.Adapter, Version=10.0.0.0, Culture=neutral, PublicKeyToken=b03f5f7f11d50a3a" className="PlaylistFM.Tests.LastFMConnectorTest, PlaylistFM.Tests, Version=1.0.0.0, Culture=neutral, PublicKeyToken=null" name="isValidArtistLoWuachiturro" />
    </UnitTest>
    <UnitTest name="getArtistTopTracksTest" storage="c:\users\ignacio\documents\visual studio 2010\projects\playlistfm\playlistfm.tests\bin\release\playlistfm.tests.dll" id="5df10a00-bacf-b130-d0a0-012c175011c8">
      <Execution id="3e55a80d-04f3-47a9-a6d2-56c64152d8fe" />
      <TestMethod codeBase="C:/Users/ignacio/documents/visual studio 2010/Projects/PlaylistFM/PlaylistFM.Tests/bin/Release/PlaylistFM.Tests.DLL" adapterTypeName="Microsoft.VisualStudio.TestTools.TestTypes.Unit.UnitTestAdapter, Microsoft.VisualStudio.QualityTools.Tips.UnitTest.Adapter, Version=10.0.0.0, Culture=neutral, PublicKeyToken=b03f5f7f11d50a3a" className="PlaylistFM.Tests.LastFMConnectorTest, PlaylistFM.Tests, Version=1.0.0.0, Culture=neutral, PublicKeyToken=null" name="getArtistTopTracksTest" />
    </UnitTest>
    <UnitTest name="isValidArtistBobDylan" storage="c:\users\ignacio\documents\visual studio 2010\projects\playlistfm\playlistfm.tests\bin\release\playlistfm.tests.dll" id="3f4394ad-b18e-c129-0d8a-ce295dcab35d">
      <Execution id="d39ee906-aaa8-4be3-abcb-c7c2a3e099ce" />
      <TestMethod codeBase="C:/Users/ignacio/documents/visual studio 2010/Projects/PlaylistFM/PlaylistFM.Tests/bin/Release/PlaylistFM.Tests.DLL" adapterTypeName="Microsoft.VisualStudio.TestTools.TestTypes.Unit.UnitTestAdapter, Microsoft.VisualStudio.QualityTools.Tips.UnitTest.Adapter, Version=10.0.0.0, Culture=neutral, PublicKeyToken=b03f5f7f11d50a3a" className="PlaylistFM.Tests.LastFMConnectorTest, PlaylistFM.Tests, Version=1.0.0.0, Culture=neutral, PublicKeyToken=null" name="isValidArtistBobDylan" />
    </UnitTest>
  </TestDefinitions>
  <TestLists>
    <TestList name="Results Not in a List" id="8c84fa94-04c1-424b-9868-57a2d4851a1d" />
    <TestList name="All Loaded Results" id="19431567-8539-422a-85d7-44ee4e166bda" />
  </TestLists>
  <TestEntries>
    <TestEntry testId="3f4394ad-b18e-c129-0d8a-ce295dcab35d" executionId="d39ee906-aaa8-4be3-abcb-c7c2a3e099ce" testListId="8c84fa94-04c1-424b-9868-57a2d4851a1d" />
    <TestEntry testId="5df10a00-bacf-b130-d0a0-012c175011c8" executionId="3e55a80d-04f3-47a9-a6d2-56c64152d8fe" testListId="8c84fa94-04c1-424b-9868-57a2d4851a1d" />
    <TestEntry testId="b5a14d93-862c-4a8c-7bb8-8ef637f0d49f" executionId="e6bc5bf2-36e0-4ca1-9baa-aadb8dbacafa" testListId="8c84fa94-04c1-424b-9868-57a2d4851a1d" />
    <TestEntry testId="ef5c505d-c1b4-9414-81a7-edf85466e4e7" executionId="69d70f02-bdcb-45f5-86f5-082d6c6c07eb" testListId="8c84fa94-04c1-424b-9868-57a2d4851a1d" />
  </TestEntries>
  <Results>
    <UnitTestResult executionId="d39ee906-aaa8-4be3-abcb-c7c2a3e099ce" testId="3f4394ad-b18e-c129-0d8a-ce295dcab35d" testName="isValidArtistBobDylan" computerName="ARWEN" duration="00:00:02.0473751" startTime="2012-05-02T16:32:44.2607000-03:00" endTime="2012-05-02T16:32:46.6817000-03:00" testType="13cdc9d9-ddb5-4fa4-a97d-d965ccfc6d4b" outcome="Passed" testListId="8c84fa94-04c1-424b-9868-57a2d4851a1d" relativeResultsDirectory="d39ee906-aaa8-4be3-abcb-c7c2a3e099ce">
    </UnitTestResult>
    <UnitTestResult executionId="3e55a80d-04f3-47a9-a6d2-56c64152d8fe" testId="5df10a00-bacf-b130-d0a0-012c175011c8" testName="getArtistTopTracksTest" computerName="ARWEN" duration="00:00:02.0198183" startTime="2012-05-02T16:32:46.6847000-03:00" endTime="2012-05-02T16:32:48.7167000-03:00" testType="13cdc9d9-ddb5-4fa4-a97d-d965ccfc6d4b" outcome="Passed" testListId="8c84fa94-04c1-424b-9868-57a2d4851a1d" relativeResultsDirectory="3e55a80d-04f3-47a9-a6d2-56c64152d8fe">
    </UnitTestResult>
    <UnitTestResult executionId="e6bc5bf2-36e0-4ca1-9baa-aadb8dbacafa" testId="b5a14d93-862c-4a8c-7bb8-8ef637f0d49f" testName="sanitizeSongNameTest" computerName="ARWEN" duration="00:00:00.0006538" startTime="2012-05-02T16:32:48.7357000-03:00" endTime="2012-05-02T16:32:48.7527000-03:00" testType="13cdc9d9-ddb5-4fa4-a97d-d965ccfc6d4b" outcome="Passed" testListId="8c84fa94-04c1-424b-9868-57a2d4851a1d" relativeResultsDirectory="e6bc5bf2-36e0-4ca1-9baa-aadb8dbacafa">
    </UnitTestResult>
    <UnitTestResult executionId="69d70f02-bdcb-45f5-86f5-082d6c6c07eb" testId="ef5c505d-c1b4-9414-81a7-edf85466e4e7" testName="isValidArtistLoWuachiturro" computerName="ARWEN" duration="00:00:00.7220470" startTime="2012-05-02T16:32:48.7617000-03:00" endTime="2012-05-02T16:32:49.4987000-03:00" testType="13cdc9d9-ddb5-4fa4-a97d-d965ccfc6d4b" outcome="Failed" testListId="8c84fa94-04c1-424b-9868-57a2d4851a1d" relativeResultsDirectory="69d70f02-bdcb-45f5-86f5-082d6c6c07eb">
      <Output>
        <ErrorInfo>
          <Message>Assert.AreEqual failed. Expected:&lt;True&gt;. Actual:&lt;False&gt;. Lo wachiturro arent a valid artist.</Message>
          <StackTrace>   at PlaylistFM.Tests.LastFMConnectorTest.isValidArtistLoWuachiturro() in C:\Users\ignacio\documents\visual studio 2010\Projects\PlaylistFM\PlaylistFM.Tests\LastFMConnectorTest.cs:line 57
</StackTrace>
        </ErrorInfo>
      </Output>
    </UnitTestResult>
  </Results>
</TestRun>