<?xml version="1.0" encoding="UTF-8"?>
<TestRun id="5af79364-c2ca-48d0-972e-6c4b261fcd38" name="ignacio@ARWEN 2012-05-02 16:31:54" runUser="arwen\ignacio" xmlns="http://microsoft.com/schemas/VisualStudio/TeamTest/2010">
  <TestSettings name="Local" id="43b39243-63e3-48f4-af16-2473fcec4e2d">
    <Description>These are default test settings for a local test run.</Description>
    <Deployment enabled="false" runDeploymentRoot="ignacio_ARWEN 2012-05-02 16_31_54">
      <DeploymentItem filename="C:\Users\ignacio\documents\visual studio 2010\Projects\PlaylistFM\PlaylistFM\bin\Release\PlaylistFM.exe" />
      <DeploymentItem filename="C:\Users\ignacio\documents\visual studio 2010\Projects\PlaylistFM\packages\MahApps.Metro.0.7.9.59-ALPHA\lib\net40\System.Windows.Interactivity.dll" />
      <DeploymentItem filename="C:\Users\ignacio\documents\visual studio 2010\Projects\PlaylistFM\packages\MahApps.Metro.0.7.9.59-ALPHA\lib\net40\MahApps.Metro.dll" />
      <DeploymentItem filename="C:\Users\ignacio\documents\visual studio 2010\Projects\PlaylistFM\PlaylistFM\Resources\taglib-sharp.dll" />
    </Deployment>
    <Execution>
      <TestTypeSpecific />
      <AgentRule name="Execution Agents">
      </AgentRule>
    </Execution>
  </TestSettings>
  <Times creation="2012-05-02T16:31:54.7407000-03:00" queuing="2012-05-02T16:31:54.7477000-03:00" start="2012-05-02T16:31:54.7817000-03:00" finish="2012-05-02T16:32:00.9497000-03:00" />
  <ResultSummary outcome="Completed">
    <Counters total="4" executed="4" passed="4" error="0" failed="0" timeout="0" aborted="0" inconclusive="0" passedButRunAborted="0" notRunnable="0" notExecuted="0" disconnected="0" warning="0" completed="0" inProgress="0" pending="0" />
  </ResultSummary>
  <TestDefinitions>
    <UnitTest name="sanitizeSongNameTest" storage="c:\users\ignacio\documents\visual studio 2010\projects\playlistfm\playlistfm.tests\bin\release\playlistfm.tests.dll" id="b5a14d93-862c-4a8c-7bb8-8ef637f0d49f">
      <Execution id="dbe308be-ba7f-4c06-a2ed-852622b791ca" />
      <TestMethod codeBase="C:/Users/ignacio/documents/visual studio 2010/Projects/PlaylistFM/PlaylistFM.Tests/bin/Release/PlaylistFM.Tests.DLL" adapterTypeName="Microsoft.VisualStudio.TestTools.TestTypes.Unit.UnitTestAdapter, Microsoft.VisualStudio.QualityTools.Tips.UnitTest.Adapter, Version=10.0.0.0, Culture=neutral, PublicKeyToken=b03f5f7f11d50a3a" className="PlaylistFM.Tests.LastFMConnectorTest, PlaylistFM.Tests, Version=1.0.0.0, Culture=neutral, PublicKeyToken=null" name="sanitizeSongNameTest" />
    </UnitTest>
    <UnitTest name="isValidArtistLoWuachiturro" storage="c:\users\ignacio\documents\visual studio 2010\projects\playlistfm\playlistfm.tests\bin\release\playlistfm.tests.dll" id="ef5c505d-c1b4-9414-81a7-edf85466e4e7">
      <Execution id="ae7c100a-b434-44d0-b11f-47766fff8ad4" />
      <TestMethod codeBase="C:/Users/ignacio/documents/visual studio 2010/Projects/PlaylistFM/PlaylistFM.Tests/bin/Release/PlaylistFM.Tests.DLL" adapterTypeName="Microsoft.VisualStudio.TestTools.TestTypes.Unit.UnitTestAdapter, Microsoft.VisualStudio.QualityTools.Tips.UnitTest.Adapter, Version=10.0.0.0, Culture=neutral, PublicKeyToken=b03f5f7f11d50a3a" className="PlaylistFM.Tests.LastFMConnectorTest, PlaylistFM.Tests, Version=1.0.0.0, Culture=neutral, PublicKeyToken=null" name="isValidArtistLoWuachiturro" />
    </UnitTest>
    <UnitTest name="getArtistTopTracksTest" storage="c:\users\ignacio\documents\visual studio 2010\projects\playlistfm\playlistfm.tests\bin\release\playlistfm.tests.dll" id="5df10a00-bacf-b130-d0a0-012c175011c8">
      <Execution id="243e63a4-99d6-488d-a846-ccc9fa5c092f" />
      <TestMethod codeBase="C:/Users/ignacio/documents/visual studio 2010/Projects/PlaylistFM/PlaylistFM.Tests/bin/Release/PlaylistFM.Tests.DLL" adapterTypeName="Microsoft.VisualStudio.TestTools.TestTypes.Unit.UnitTestAdapter, Microsoft.VisualStudio.QualityTools.Tips.UnitTest.Adapter, Version=10.0.0.0, Culture=neutral, PublicKeyToken=b03f5f7f11d50a3a" className="PlaylistFM.Tests.LastFMConnectorTest, PlaylistFM.Tests, Version=1.0.0.0, Culture=neutral, PublicKeyToken=null" name="getArtistTopTracksTest" />
    </UnitTest>
    <UnitTest name="isValidArtistBobDylan" storage="c:\users\ignacio\documents\visual studio 2010\projects\playlistfm\playlistfm.tests\bin\release\playlistfm.tests.dll" id="3f4394ad-b18e-c129-0d8a-ce295dcab35d">
      <Execution id="8e75ee48-a27b-4912-95dc-75a55103eb35" />
      <TestMethod codeBase="C:/Users/ignacio/documents/visual studio 2010/Projects/PlaylistFM/PlaylistFM.Tests/bin/Release/PlaylistFM.Tests.DLL" adapterTypeName="Microsoft.VisualStudio.TestTools.TestTypes.Unit.UnitTestAdapter, Microsoft.VisualStudio.QualityTools.Tips.UnitTest.Adapter, Version=10.0.0.0, Culture=neutral, PublicKeyToken=b03f5f7f11d50a3a" className="PlaylistFM.Tests.LastFMConnectorTest, PlaylistFM.Tests, Version=1.0.0.0, Culture=neutral, PublicKeyToken=null" name="isValidArtistBobDylan" />
    </UnitTest>
  </TestDefinitions>
  <TestLists>
    <TestList name="Results Not in a List" id="8c84fa94-04c1-424b-9868-57a2d4851a1d" />
    <TestList name="All Loaded Results" id="19431567-8539-422a-85d7-44ee4e166bda" />
  </TestLists>
  <TestEntries>
    <TestEntry testId="3f4394ad-b18e-c129-0d8a-ce295dcab35d" executionId="8e75ee48-a27b-4912-95dc-75a55103eb35" testListId="8c84fa94-04c1-424b-9868-57a2d4851a1d" />
    <TestEntry testId="5df10a00-bacf-b130-d0a0-012c175011c8" executionId="243e63a4-99d6-488d-a846-ccc9fa5c092f" testListId="8c84fa94-04c1-424b-9868-57a2d4851a1d" />
    <TestEntry testId="b5a14d93-862c-4a8c-7bb8-8ef637f0d49f" executionId="dbe308be-ba7f-4c06-a2ed-852622b791ca" testListId="8c84fa94-04c1-424b-9868-57a2d4851a1d" />
    <TestEntry testId="ef5c505d-c1b4-9414-81a7-edf85466e4e7" executionId="ae7c100a-b434-44d0-b11f-47766fff8ad4" testListId="8c84fa94-04c1-424b-9868-57a2d4851a1d" />
  </TestEntries>
  <Results>
    <UnitTestResult executionId="8e75ee48-a27b-4912-95dc-75a55103eb35" testId="3f4394ad-b18e-c129-0d8a-ce295dcab35d" testName="isValidArtistBobDylan" computerName="ARWEN" duration="00:00:02.0509380" startTime="2012-05-02T16:31:54.8187000-03:00" endTime="2012-05-02T16:31:57.5037000-03:00" testType="13cdc9d9-ddb5-4fa4-a97d-d965ccfc6d4b" outcome="Passed" testListId="8c84fa94-04c1-424b-9868-57a2d4851a1d" relativeResultsDirectory="8e75ee48-a27b-4912-95dc-75a55103eb35">
    </UnitTestResult>
    <UnitTestResult executionId="243e63a4-99d6-488d-a846-ccc9fa5c092f" testId="5df10a00-bacf-b130-d0a0-012c175011c8" testName="getArtistTopTracksTest" computerName="ARWEN" duration="00:00:02.5374439" startTime="2012-05-02T16:31:57.5077000-03:00" endTime="2012-05-02T16:32:00.0587000-03:00" testType="13cdc9d9-ddb5-4fa4-a97d-d965ccfc6d4b" outcome="Passed" testListId="8c84fa94-04c1-424b-9868-57a2d4851a1d" relativeResultsDirectory="243e63a4-99d6-488d-a846-ccc9fa5c092f">
    </UnitTestResult>
    <UnitTestResult executionId="dbe308be-ba7f-4c06-a2ed-852622b791ca" testId="b5a14d93-862c-4a8c-7bb8-8ef637f0d49f" testName="sanitizeSongNameTest" computerName="ARWEN" duration="00:00:00.0008540" startTime="2012-05-02T16:32:00.0657000-03:00" endTime="2012-05-02T16:32:00.0867000-03:00" testType="13cdc9d9-ddb5-4fa4-a97d-d965ccfc6d4b" outcome="Passed" testListId="8c84fa94-04c1-424b-9868-57a2d4851a1d" relativeResultsDirectory="dbe308be-ba7f-4c06-a2ed-852622b791ca">
    </UnitTestResult>
    <UnitTestResult executionId="ae7c100a-b434-44d0-b11f-47766fff8ad4" testId="ef5c505d-c1b4-9414-81a7-edf85466e4e7" testName="isValidArtistLoWuachiturro" computerName="ARWEN" duration="00:00:00.7183228" startTime="2012-05-02T16:32:00.0997000-03:00" endTime="2012-05-02T16:32:00.8287000-03:00" testType="13cdc9d9-ddb5-4fa4-a97d-d965ccfc6d4b" outcome="Passed" testListId="8c84fa94-04c1-424b-9868-57a2d4851a1d" relativeResultsDirectory="ae7c100a-b434-44d0-b11f-47766fff8ad4">
    </UnitTestResult>
  </Results>
</TestRun>